go: downloading github.com/anchore/bubbly v0.0.0-20250717181826-8a411f9d8cbf
go: downloading golang.org/x/exp v0.0.0-20250711185948-6ae5c78190dc
go: downloading github.com/zyedidia/generic v1.2.2-0.20230320175451-4410d2372cb1
go: downloading github.com/araddon/dateparse v0.0.0-20210429162001-6b43995a97de
go: downloading github.com/wagoodman/go-presenter v0.0.0-20211015174752-f9c01afc824b
go: downloading go.opentelemetry.io/otel/trace v1.37.0
go: downloading github.com/hashicorp/go-getter v1.7.9
go: downloading github.com/acarl005/stripansi v0.0.0-20180116102854-5a71ef0e047d
go: downloading go.opentelemetry.io/otel v1.37.0
go: downloading github.com/spf13/viper v1.20.1
go: downloading github.com/ulikunitz/xz v0.5.13
go: downloading go.opentelemetry.io/otel/metric v1.37.0
go: downloading github.com/charmbracelet/harmonica v0.2.0
go: downloading github.com/opencontainers/selinux v1.12.0
go: downloading google.golang.org/grpc v1.74.0
go: downloading github.com/mholt/archives v0.1.3
go: downloading github.com/go-git/go-billy/v5 v5.6.2
go: downloading github.com/go-git/go-git/v5 v5.16.2
go: downloading cloud.google.com/go/storage v1.55.0
go: downloading github.com/aws/aws-sdk-go v1.55.7
go: downloading google.golang.org/api v0.242.0
go: downloading cloud.google.com/go v0.121.3
go: downloading github.com/spf13/cast v1.9.2
go: downloading github.com/sagikazarmark/locafero v0.9.0
go: downloading google.golang.org/genproto/googleapis/rpc v0.0.0-20250715232539-7130f93afb79
go: downloading google.golang.org/genproto v0.0.0-20250715232539-7130f93afb79
go: downloading github.com/nwaples/rardecode/v2 v2.1.1
go: downloading github.com/sorairolake/lzip-go v0.3.7
go: downloading cloud.google.com/go/compute/metadata v0.7.0
go: downloading cloud.google.com/go/iam v1.5.2
go: downloading cloud.google.com/go/auth v0.16.2
go: downloading github.com/GoogleCloudPlatform/opentelemetry-operations-go/exporter/metric v0.53.0
go: downloading go.opentelemetry.io/contrib/detectors/gcp v1.37.0
go: downloading go.opentelemetry.io/otel/sdk/metric v1.37.0
go: downloading go.opentelemetry.io/otel/sdk v1.37.0
go: downloading google.golang.org/genproto/googleapis/api v0.0.0-20250715232539-7130f93afb79
go: downloading github.com/GoogleCloudPlatform/opentelemetry-operations-go/detectors/gcp v1.29.0
go: downloading cloud.google.com/go/monitoring v1.24.2
go: downloading github.com/GoogleCloudPlatform/opentelemetry-operations-go/internal/resourcemapping v0.53.0
go: downloading github.com/cloudflare/circl v1.6.1
go: downloading go.opentelemetry.io/contrib/instrumentation/google.golang.org/grpc/otelgrpc v0.62.0
go: downloading github.com/envoyproxy/go-control-plane/envoy v1.32.4
go: downloading github.com/spiffe/go-spiffe/v2 v2.5.0
go: downloading github.com/cncf/xds/go v0.0.0-20250501225837-2ac532fd4443
go: downloading github.com/envoyproxy/protoc-gen-validate v1.2.1
go: downloading github.com/zeebo/errs v1.4.0
go: downloading cel.dev/expr v0.24.0
